---
source: crates/csl/src/style/info.rs
expression: "crate::from_node::parse_as::<LSHelper<TitleHint>>(::indoc::indoc!(r#\"<str></str>\"#)).expect_err(\"should have failed with errors\")"
---
CslError(
    [
        InvalidCsl {
            severity: Error,
            range: 0..11,
            message: "<str> empty, expected text",
            hint: "enter a full title for this style, like \"My Example Citation Style, 3rd Edition\"",
        },
    ],
)
