---
source: crates/citeproc/tests/suite.rs
expression: res
---
His « Anonymous » Life
